[Thu Sep 24 21:22:04 2026] PHP 8.3.6 Development Server (http://localhost:8000) started
[Thu Sep 24 21:22:05 2026] [::1]:42430 Accepted
[Thu Sep 24 21:22:06 2026] Attempting to open SQLite DB at: /app/event_mgmt.sqlite
[Thu Sep 24 21:22:06 2026] [::1]:42430 [200]: GET /index.php
[Thu Sep 24 21:22:06 2026] [::1]:42430 Closing
[Thu Sep 24 21:22:24 2026] [::1]:51310 Accepted
[Thu Sep 24 21:22:24 2026] Attempting to open SQLite DB at: /app/event_mgmt.sqlite
[Thu Sep 24 21:22:24 2026] [::1]:51310 [200]: GET /index.php?route=incident_settings
[Thu Sep 24 21:22:24 2026] [::1]:51310 Closing
[Thu Sep 24 21:22:26 2026] [::1]:51318 Accepted
[Thu Sep 24 21:22:26 2026] Attempting to open SQLite DB at: /app/event_mgmt.sqlite
[Thu Sep 24 21:22:26 2026] [::1]:51318 [200]: GET /index.php?route=incident_active
[Thu Sep 24 21:22:26 2026] [::1]:51318 Closing
[Mon Oct  5 16:19:22 2026] [::1]:59670 Accepted
[Mon Oct  5 16:19:22 2026] Attempting to open SQLite DB at: /app/event_mgmt.sqlite
[Mon Oct  5 16:19:22 2026] [::1]:59670 [200]: GET /index.php?route=incident_closed
[Mon Oct  5 16:19:22 2026] [::1]:59670 Closing
[Tue Oct  6 14:39:26 2026] [::1]:40962 Accepted
[Tue Oct  6 14:39:27 2026] Attempting to open SQLite DB at: /app/event_mgmt.sqlite
[Tue Oct  6 14:39:27 2026] [::1]:40962 [200]: GET /index.php
[Tue Oct  6 14:39:27 2026] [::1]:40962 Closing
